0 verbose cli /usr/bin/node /usr/lib/node_modules/npm/bin/npm-cli.js
1 info using npm@10.8.2
2 info using node@v20.20.2
3 silly config load:file:/usr/lib/node_modules/npm/npmrc
4 silly config load:file:/home/user/.npmrc
5 silly config load:file:/usr/etc/npmrc
6 verbose title npm exec prisma generate
7 verbose argv "exec" "--" "prisma" "generate"
8 verbose logfile logs-max:10 dir:/home/user/.npm/_logs/2026-06-09T07_03_20_238Z-
9 verbose logfile /home/user/.npm/_logs/2026-06-09T07_03_20_238Z-debug-0.log
10 silly logfile done cleaning log files
11 silly packumentCache heap:1002438656 maxSize:250609664 maxEntrySize:125304832
12 http fetch GET 200 https://registry.npmjs.org/npm 217ms
13 http fetch GET 200 https://registry.npmjs.org/prisma 564ms (cache miss)
14 silly packumentCache heap:1002438656 maxSize:250609664 maxEntrySize:125304832
15 silly packumentCache heap:1002438656 maxSize:250609664 maxEntrySize:125304832
16 warn exec The following package was not found and will be installed: prisma@7.8.0
17 silly idealTree buildDeps
18 silly fetch manifest prisma@7.8.0
19 silly packumentCache full:https://registry.npmjs.org/prisma cache-miss
20 http fetch GET 200 https://registry.npmjs.org/prisma 1034ms (cache miss)
21 silly packumentCache full:https://registry.npmjs.org/prisma set size:undefined disposed:false
22 silly fetch manifest better-sqlite3@>=9.0.0
23 silly packumentCache full:https://registry.npmjs.org/better-sqlite3 cache-miss
24 http fetch GET 200 https://registry.npmjs.org/better-sqlite3 37ms (cache miss)
25 silly packumentCache full:https://registry.npmjs.org/better-sqlite3 set size:undefined disposed:false
26 silly fetch manifest typescript@>=5.4.0
27 silly packumentCache full:https://registry.npmjs.org/typescript cache-miss
28 http fetch GET 200 https://registry.npmjs.org/typescript 331ms (cache miss)
29 silly packumentCache full:https://registry.npmjs.org/typescript set size:undefined disposed:false
30 silly placeDep ROOT prisma@7.8.0 OK for:  want: 7.8.0
31 silly fetch manifest mysql2@3.15.3
32 silly packumentCache full:https://registry.npmjs.org/mysql2 cache-miss
33 http fetch GET 200 https://registry.npmjs.org/mysql2 58ms (cache miss)
34 silly packumentCache full:https://registry.npmjs.org/mysql2 set size:undefined disposed:false
35 silly fetch manifest postgres@3.4.7
36 silly packumentCache full:https://registry.npmjs.org/postgres cache-miss
37 http fetch GET 200 https://registry.npmjs.org/postgres 52ms (cache miss)
38 silly packumentCache full:https://registry.npmjs.org/postgres set size:undefined disposed:false
39 silly fetch manifest @prisma/dev@0.24.3
40 silly packumentCache full:https://registry.npmjs.org/@prisma%2fdev cache-miss
41 http fetch GET 200 https://registry.npmjs.org/@prisma%2fdev 112ms (cache miss)
42 silly packumentCache full:https://registry.npmjs.org/@prisma%2fdev set size:undefined disposed:false
43 silly fetch manifest @prisma/config@7.8.0
44 silly packumentCache full:https://registry.npmjs.org/@prisma%2fconfig cache-miss
45 http fetch GET 200 https://registry.npmjs.org/@prisma%2fconfig 379ms (cache miss)
46 silly packumentCache full:https://registry.npmjs.org/@prisma%2fconfig set size:undefined disposed:false
47 silly fetch manifest @prisma/engines@7.8.0
48 silly packumentCache full:https://registry.npmjs.org/@prisma%2fengines cache-miss
49 http fetch GET 200 https://registry.npmjs.org/@prisma%2fengines 525ms (cache miss)
50 silly packumentCache full:https://registry.npmjs.org/@prisma%2fengines set size:undefined disposed:false
51 silly fetch manifest @prisma/studio-core@0.27.3
52 silly packumentCache full:https://registry.npmjs.org/@prisma%2fstudio-core cache-miss
53 http fetch GET 200 https://registry.npmjs.org/@prisma%2fstudio-core 197ms (cache miss)
54 silly packumentCache full:https://registry.npmjs.org/@prisma%2fstudio-core set size:undefined disposed:false
55 silly fetch manifest @types/react@^18.0.0 || ^19.0.0
56 silly packumentCache full:https://registry.npmjs.org/@types%2freact cache-miss
57 http fetch GET 200 https://registry.npmjs.org/@types%2freact 114ms (cache miss)
58 silly packumentCache full:https://registry.npmjs.org/@types%2freact set size:undefined disposed:false
59 silly fetch manifest react@^18.0.0 || ^19.0.0
60 silly packumentCache full:https://registry.npmjs.org/react cache-miss
61 http fetch GET 200 https://registry.npmjs.org/react 207ms (cache miss)
62 silly packumentCache full:https://registry.npmjs.org/react set size:undefined disposed:false
63 silly fetch manifest react-dom@^18.0.0 || ^19.0.0
64 silly packumentCache full:https://registry.npmjs.org/react-dom cache-miss
65 http fetch GET 200 https://registry.npmjs.org/react-dom 210ms (cache miss)
66 silly packumentCache full:https://registry.npmjs.org/react-dom set size:undefined disposed:false
67 silly placeDep ROOT @prisma/config@7.8.0 OK for: prisma@7.8.0 want: 7.8.0
68 silly placeDep ROOT @prisma/dev@0.24.3 OK for: prisma@7.8.0 want: 0.24.3
69 silly placeDep ROOT @prisma/engines@7.8.0 OK for: prisma@7.8.0 want: 7.8.0
70 silly placeDep ROOT @prisma/studio-core@0.27.3 OK for: prisma@7.8.0 want: 0.27.3
71 silly placeDep ROOT react@19.2.7 OK for: @prisma/studio-core@0.27.3 want: ^18.0.0 || ^19.0.0
72 silly placeDep ROOT react-dom@19.2.7 OK for: @prisma/studio-core@0.27.3 want: ^18.0.0 || ^19.0.0
73 silly placeDep ROOT @types/react@19.2.17 OK for: @prisma/studio-core@0.27.3 want: ^18.0.0 || ^19.0.0
74 silly placeDep ROOT mysql2@3.15.3 OK for: prisma@7.8.0 want: 3.15.3
75 silly placeDep ROOT postgres@3.4.7 OK for: prisma@7.8.0 want: 3.4.7
76 silly fetch manifest c12@3.3.4
77 silly packumentCache full:https://registry.npmjs.org/c12 cache-miss
78 http fetch GET 200 https://registry.npmjs.org/c12 64ms (cache miss)
79 silly packumentCache full:https://registry.npmjs.org/c12 set size:undefined disposed:false
80 silly fetch manifest effect@3.20.0
81 silly packumentCache full:https://registry.npmjs.org/effect cache-miss
82 http fetch GET 200 https://registry.npmjs.org/effect 277ms (cache miss)
83 silly packumentCache full:https://registry.npmjs.org/effect set size:undefined disposed:false
84 silly fetch manifest empathic@2.0.0
85 silly packumentCache full:https://registry.npmjs.org/empathic cache-miss
86 http fetch GET 200 https://registry.npmjs.org/empathic 41ms (cache miss)
87 silly packumentCache full:https://registry.npmjs.org/empathic set size:undefined disposed:false
88 silly fetch manifest deepmerge-ts@7.1.5
89 silly packumentCache full:https://registry.npmjs.org/deepmerge-ts cache-miss
90 http fetch GET 200 https://registry.npmjs.org/deepmerge-ts 35ms (cache miss)
91 silly packumentCache full:https://registry.npmjs.org/deepmerge-ts set size:undefined disposed:false
92 silly fetch manifest hono@^4.12.8
93 silly packumentCache full:https://registry.npmjs.org/hono cache-miss
94 http fetch GET 200 https://registry.npmjs.org/hono 136ms (cache miss)
95 silly packumentCache full:https://registry.npmjs.org/hono set size:undefined disposed:false
96 silly fetch manifest pathe@2.0.3
97 silly packumentCache full:https://registry.npmjs.org/pathe cache-miss
98 http fetch GET 200 https://registry.npmjs.org/pathe 31ms (cache miss)
99 silly packumentCache full:https://registry.npmjs.org/pathe set size:undefined disposed:false
100 silly fetch manifest remeda@2.33.4
101 silly packumentCache full:https://registry.npmjs.org/remeda cache-miss
102 http fetch GET 200 https://registry.npmjs.org/remeda 63ms (cache miss)
103 silly packumentCache full:https://registry.npmjs.org/remeda set size:undefined disposed:false
104 silly fetch manifest std-env@3.10.0
105 silly packumentCache full:https://registry.npmjs.org/std-env cache-miss
106 http fetch GET 200 https://registry.npmjs.org/std-env 35ms (cache miss)
107 silly packumentCache full:https://registry.npmjs.org/std-env set size:undefined disposed:false
108 silly fetch manifest valibot@1.2.0
109 silly packumentCache full:https://registry.npmjs.org/valibot cache-miss
110 http fetch GET 200 https://registry.npmjs.org/valibot 52ms (cache miss)
111 silly packumentCache full:https://registry.npmjs.org/valibot set size:undefined disposed:false
112 silly fetch manifest zeptomatch@2.1.0
113 silly packumentCache full:https://registry.npmjs.org/zeptomatch cache-miss
114 http fetch GET 200 https://registry.npmjs.org/zeptomatch 28ms (cache miss)
115 silly packumentCache full:https://registry.npmjs.org/zeptomatch set size:undefined disposed:false
116 silly fetch manifest get-port-please@3.2.0
117 silly packumentCache full:https://registry.npmjs.org/get-port-please cache-miss
118 http fetch GET 200 https://registry.npmjs.org/get-port-please 39ms (cache miss)
119 silly packumentCache full:https://registry.npmjs.org/get-port-please set size:undefined disposed:false
120 silly fetch manifest proper-lockfile@4.1.2
121 silly packumentCache full:https://registry.npmjs.org/proper-lockfile cache-miss
122 http fetch GET 200 https://registry.npmjs.org/proper-lockfile 33ms (cache miss)
123 silly packumentCache full:https://registry.npmjs.org/proper-lockfile set size:undefined disposed:false
124 silly fetch manifest foreground-child@3.3.1
125 silly packumentCache full:https://registry.npmjs.org/foreground-child cache-miss
126 http fetch GET 200 https://registry.npmjs.org/foreground-child 40ms (cache miss)
127 silly packumentCache full:https://registry.npmjs.org/foreground-child set size:undefined disposed:false
128 silly fetch manifest @hono/node-server@1.19.11
129 silly packumentCache full:https://registry.npmjs.org/@hono%2fnode-server cache-miss
130 http fetch GET 200 https://registry.npmjs.org/@hono%2fnode-server 57ms (cache miss)
131 silly packumentCache full:https://registry.npmjs.org/@hono%2fnode-server set size:undefined disposed:false
132 silly fetch manifest http-status-codes@2.3.0
133 silly packumentCache full:https://registry.npmjs.org/http-status-codes cache-miss
134 http fetch GET 200 https://registry.npmjs.org/http-status-codes 42ms (cache miss)
135 silly packumentCache full:https://registry.npmjs.org/http-status-codes set size:undefined disposed:false
136 silly fetch manifest @electric-sql/pglite@0.4.1
137 silly packumentCache full:https://registry.npmjs.org/@electric-sql%2fpglite cache-miss
138 http fetch GET 200 https://registry.npmjs.org/@electric-sql%2fpglite 51ms (cache miss)
139 silly packumentCache full:https://registry.npmjs.org/@electric-sql%2fpglite set size:undefined disposed:false
140 silly fetch manifest @prisma/get-platform@7.2.0
141 silly packumentCache full:https://registry.npmjs.org/@prisma%2fget-platform cache-miss
142 http fetch GET 200 https://registry.npmjs.org/@prisma%2fget-platform 795ms (cache miss)
143 silly packumentCache full:https://registry.npmjs.org/@prisma%2fget-platform set size:undefined disposed:false
144 silly fetch manifest @prisma/streams-local@0.1.2
145 silly packumentCache full:https://registry.npmjs.org/@prisma%2fstreams-local cache-miss
146 http fetch GET 200 https://registry.npmjs.org/@prisma%2fstreams-local 49ms (cache miss)
147 silly packumentCache full:https://registry.npmjs.org/@prisma%2fstreams-local set size:undefined disposed:false
148 silly fetch manifest @electric-sql/pglite-tools@0.3.1
149 silly packumentCache full:https://registry.npmjs.org/@electric-sql%2fpglite-tools cache-miss
150 http fetch GET 200 https://registry.npmjs.org/@electric-sql%2fpglite-tools 52ms (cache miss)
151 silly packumentCache full:https://registry.npmjs.org/@electric-sql%2fpglite-tools set size:undefined disposed:false
152 silly fetch manifest @electric-sql/pglite-socket@0.1.1
153 silly packumentCache full:https://registry.npmjs.org/@electric-sql%2fpglite-socket cache-miss
154 http fetch GET 200 https://registry.npmjs.org/@electric-sql%2fpglite-socket 47ms (cache miss)
155 silly packumentCache full:https://registry.npmjs.org/@electric-sql%2fpglite-socket set size:undefined disposed:false
156 silly fetch manifest @prisma/query-plan-executor@7.2.0
157 silly packumentCache full:https://registry.npmjs.org/@prisma%2fquery-plan-executor cache-miss
158 http fetch GET 200 https://registry.npmjs.org/@prisma%2fquery-plan-executor 104ms (cache miss)
159 silly packumentCache full:https://registry.npmjs.org/@prisma%2fquery-plan-executor set size:undefined disposed:false
160 silly fetch manifest @prisma/debug@7.8.0
161 silly packumentCache full:https://registry.npmjs.org/@prisma%2fdebug cache-miss
162 http fetch GET 200 https://registry.npmjs.org/@prisma%2fdebug 533ms (cache miss)
163 silly packumentCache full:https://registry.npmjs.org/@prisma%2fdebug set size:undefined disposed:false
164 silly fetch manifest @prisma/fetch-engine@7.8.0
165 silly packumentCache full:https://registry.npmjs.org/@prisma%2ffetch-engine cache-miss
166 http fetch GET 200 https://registry.npmjs.org/@prisma%2ffetch-engine 770ms (cache miss)
167 silly packumentCache full:https://registry.npmjs.org/@prisma%2ffetch-engine set size:undefined disposed:false
168 silly fetch manifest @prisma/get-platform@7.8.0
169 silly packumentCache full:https://registry.npmjs.org/@prisma%2fget-platform cache-miss
170 http fetch GET 200 https://registry.npmjs.org/@prisma%2fget-platform 100ms (cache hit)
171 silly packumentCache full:https://registry.npmjs.org/@prisma%2fget-platform set size:28407506 disposed:false
172 silly fetch manifest @prisma/engines-version@7.8.0-6.3c6e192761c0362d496ed980de936e2f3cebcd3a
173 silly packumentCache full:https://registry.npmjs.org/@prisma%2fengines-version cache-miss
174 http fetch GET 200 https://registry.npmjs.org/@prisma%2fengines-version 271ms (cache miss)
175 silly packumentCache full:https://registry.npmjs.org/@prisma%2fengines-version set size:undefined disposed:false
176 silly fetch manifest chart.js@4.5.1
177 silly packumentCache full:https://registry.npmjs.org/chart.js cache-miss
178 http fetch GET 200 https://registry.npmjs.org/chart.js 64ms (cache miss)
179 silly packumentCache full:https://registry.npmjs.org/chart.js set size:undefined disposed:false
180 silly fetch manifest @radix-ui/react-toggle@1.1.10
181 silly packumentCache full:https://registry.npmjs.org/@radix-ui%2freact-toggle cache-miss
182 http fetch GET 200 https://registry.npmjs.org/@radix-ui%2freact-toggle 62ms (cache miss)
183 silly packumentCache full:https://registry.npmjs.org/@radix-ui%2freact-toggle set size:undefined disposed:false
184 silly fetch manifest csstype@^3.2.2
185 silly packumentCache full:https://registry.npmjs.org/csstype cache-miss
186 http fetch GET 200 https://registry.npmjs.org/csstype 50ms (cache miss)
187 silly packumentCache full:https://registry.npmjs.org/csstype set size:undefined disposed:false
188 silly fetch manifest scheduler@^0.27.0
189 silly packumentCache full:https://registry.npmjs.org/scheduler cache-miss
190 http fetch GET 200 https://registry.npmjs.org/scheduler 155ms (cache miss)
191 silly packumentCache full:https://registry.npmjs.org/scheduler set size:undefined disposed:false
192 silly fetch manifest long@^5.2.1
193 silly packumentCache full:https://registry.npmjs.org/long cache-miss
194 http fetch GET 200 https://registry.npmjs.org/long 38ms (cache miss)
195 silly packumentCache full:https://registry.npmjs.org/long set size:undefined disposed:false
196 silly fetch manifest denque@^2.1.0
197 silly packumentCache full:https://registry.npmjs.org/denque cache-miss
198 http fetch GET 200 https://registry.npmjs.org/denque 31ms (cache miss)
199 silly packumentCache full:https://registry.npmjs.org/denque set size:undefined disposed:false
200 silly fetch manifest lru.min@^1.0.0
201 silly packumentCache full:https://registry.npmjs.org/lru.min cache-miss
202 http fetch GET 200 https://registry.npmjs.org/lru.min 36ms (cache miss)
203 silly packumentCache full:https://registry.npmjs.org/lru.min set size:undefined disposed:false
204 silly fetch manifest seq-queue@^0.0.5
205 silly packumentCache full:https://registry.npmjs.org/seq-queue cache-miss
206 http fetch GET 200 https://registry.npmjs.org/seq-queue 27ms (cache miss)
207 silly packumentCache full:https://registry.npmjs.org/seq-queue set size:undefined disposed:false
208 silly fetch manifest sqlstring@^2.3.2
209 silly packumentCache full:https://registry.npmjs.org/sqlstring cache-miss
210 http fetch GET 200 https://registry.npmjs.org/sqlstring 36ms (cache miss)
211 silly packumentCache full:https://registry.npmjs.org/sqlstring set size:undefined disposed:false
212 silly fetch manifest iconv-lite@^0.7.0
213 silly packumentCache full:https://registry.npmjs.org/iconv-lite cache-miss
214 http fetch GET 200 https://registry.npmjs.org/iconv-lite 28ms (cache miss)
215 silly packumentCache full:https://registry.npmjs.org/iconv-lite set size:undefined disposed:false
216 silly fetch manifest aws-ssl-profiles@^1.1.1
217 silly packumentCache full:https://registry.npmjs.org/aws-ssl-profiles cache-miss
218 http fetch GET 200 https://registry.npmjs.org/aws-ssl-profiles 39ms (cache miss)
219 silly packumentCache full:https://registry.npmjs.org/aws-ssl-profiles set size:undefined disposed:false
220 silly fetch manifest generate-function@^2.3.1
221 silly packumentCache full:https://registry.npmjs.org/generate-function cache-miss
222 http fetch GET 200 https://registry.npmjs.org/generate-function 27ms (cache miss)
223 silly packumentCache full:https://registry.npmjs.org/generate-function set size:undefined disposed:false
224 silly fetch manifest named-placeholders@^1.1.3
225 silly packumentCache full:https://registry.npmjs.org/named-placeholders cache-miss
226 http fetch GET 200 https://registry.npmjs.org/named-placeholders 39ms (cache miss)
227 silly packumentCache full:https://registry.npmjs.org/named-placeholders set size:undefined disposed:false
228 silly fetch manifest magicast@*
229 silly packumentCache full:https://registry.npmjs.org/magicast cache-miss
230 http fetch GET 200 https://registry.npmjs.org/magicast 35ms (cache miss)
231 silly packumentCache full:https://registry.npmjs.org/magicast set size:undefined disposed:false
232 silly placeDep ROOT c12@3.3.4 OK for: @prisma/config@7.8.0 want: 3.3.4
233 silly placeDep ROOT deepmerge-ts@7.1.5 OK for: @prisma/config@7.8.0 want: 7.1.5
234 silly placeDep ROOT effect@3.20.0 OK for: @prisma/config@7.8.0 want: 3.20.0
235 silly placeDep ROOT empathic@2.0.0 OK for: @prisma/config@7.8.0 want: 2.0.0
236 silly fetch manifest rc9@^3.0.1
237 silly packumentCache full:https://registry.npmjs.org/rc9 cache-miss
238 http fetch GET 200 https://registry.npmjs.org/rc9 43ms (cache miss)
239 silly packumentCache full:https://registry.npmjs.org/rc9 set size:undefined disposed:false
240 silly fetch manifest defu@^6.1.6
241 silly packumentCache full:https://registry.npmjs.org/defu cache-miss
242 http fetch GET 200 https://registry.npmjs.org/defu 29ms (cache miss)
243 silly packumentCache full:https://registry.npmjs.org/defu set size:undefined disposed:false
244 silly fetch manifest jiti@^2.6.1
245 silly packumentCache full:https://registry.npmjs.org/jiti cache-miss
246 http fetch GET 200 https://registry.npmjs.org/jiti 46ms (cache miss)
247 silly packumentCache full:https://registry.npmjs.org/jiti set size:undefined disposed:false
248 silly fetch manifest giget@^3.2.0
249 silly packumentCache full:https://registry.npmjs.org/giget cache-miss
250 http fetch GET 200 https://registry.npmjs.org/giget 31ms (cache miss)
251 silly packumentCache full:https://registry.npmjs.org/giget set size:undefined disposed:false
252 silly fetch manifest ohash@^2.0.11
253 silly packumentCache full:https://registry.npmjs.org/ohash cache-miss
254 http fetch GET 200 https://registry.npmjs.org/ohash 53ms (cache miss)
255 silly packumentCache full:https://registry.npmjs.org/ohash set size:undefined disposed:false
256 silly fetch manifest pathe@^2.0.3
257 silly packumentCache full:https://registry.npmjs.org/pathe cache-miss
258 http fetch GET 200 https://registry.npmjs.org/pathe 4ms (cache hit)
259 silly packumentCache full:https://registry.npmjs.org/pathe set size:68788 disposed:false
260 silly fetch manifest dotenv@^17.3.1
261 silly packumentCache full:https://registry.npmjs.org/dotenv cache-miss
262 http fetch GET 200 https://registry.npmjs.org/dotenv 38ms (cache miss)
263 silly packumentCache full:https://registry.npmjs.org/dotenv set size:undefined disposed:false
264 silly fetch manifest confbox@^0.2.4
265 silly packumentCache full:https://registry.npmjs.org/confbox cache-miss
266 http fetch GET 200 https://registry.npmjs.org/confbox 59ms (cache miss)
267 silly packumentCache full:https://registry.npmjs.org/confbox set size:undefined disposed:false
268 silly fetch manifest exsolve@^1.0.8
269 silly packumentCache full:https://registry.npmjs.org/exsolve cache-miss
270 http fetch GET 200 https://registry.npmjs.org/exsolve 28ms (cache miss)
271 silly packumentCache full:https://registry.npmjs.org/exsolve set size:undefined disposed:false
272 silly fetch manifest chokidar@^5.0.0
273 silly packumentCache full:https://registry.npmjs.org/chokidar cache-miss
274 http fetch GET 200 https://registry.npmjs.org/chokidar 52ms (cache miss)
275 silly packumentCache full:https://registry.npmjs.org/chokidar set size:undefined disposed:false
276 silly fetch manifest pkg-types@^2.3.0
277 silly packumentCache full:https://registry.npmjs.org/pkg-types cache-miss
278 http fetch GET 200 https://registry.npmjs.org/pkg-types 35ms (cache miss)
279 silly packumentCache full:https://registry.npmjs.org/pkg-types set size:undefined disposed:false
280 silly fetch manifest perfect-debounce@^2.1.0
281 silly packumentCache full:https://registry.npmjs.org/perfect-debounce cache-miss
282 http fetch GET 200 https://registry.npmjs.org/perfect-debounce 45ms (cache miss)
283 silly packumentCache full:https://registry.npmjs.org/perfect-debounce set size:undefined disposed:false
284 silly fetch manifest fast-check@^3.23.1
285 silly packumentCache full:https://registry.npmjs.org/fast-check cache-miss
286 http fetch GET 200 https://registry.npmjs.org/fast-check 49ms (cache miss)
287 silly packumentCache full:https://registry.npmjs.org/fast-check set size:undefined disposed:false
288 silly fetch manifest @standard-schema/spec@^1.0.0
289 silly packumentCache full:https://registry.npmjs.org/@standard-schema%2fspec cache-miss
290 http fetch GET 200 https://registry.npmjs.org/@standard-schema%2fspec 68ms (cache miss)
291 silly packumentCache full:https://registry.npmjs.org/@standard-schema%2fspec set size:undefined disposed:false
292 silly fetch manifest typescript@>=5
293 silly packumentCache full:https://registry.npmjs.org/typescript cache-miss
294 http fetch GET 200 https://registry.npmjs.org/typescript 42ms (cache hit)
295 silly packumentCache full:https://registry.npmjs.org/typescript set size:15409943 disposed:false
296 silly placeDep ROOT @electric-sql/pglite@0.4.1 OK for: @prisma/dev@0.24.3 want: 0.4.1
297 silly placeDep ROOT @electric-sql/pglite-socket@0.1.1 OK for: @prisma/dev@0.24.3 want: 0.1.1
298 silly placeDep ROOT @electric-sql/pglite-tools@0.3.1 OK for: @prisma/dev@0.24.3 want: 0.3.1
299 silly placeDep ROOT @hono/node-server@1.19.11 OK for: @prisma/dev@0.24.3 want: 1.19.11
300 silly placeDep ROOT hono@4.12.25 OK for: @hono/node-server@1.19.11 want: ^4
301 silly placeDep ROOT @prisma/get-platform@7.2.0 OK for: @prisma/dev@0.24.3 want: 7.2.0
302 silly placeDep ROOT @prisma/query-plan-executor@7.2.0 OK for: @prisma/dev@0.24.3 want: 7.2.0
303 silly placeDep ROOT @prisma/streams-local@0.1.2 OK for: @prisma/dev@0.24.3 want: 0.1.2
304 silly placeDep ROOT foreground-child@3.3.1 OK for: @prisma/dev@0.24.3 want: 3.3.1
305 silly placeDep ROOT get-port-please@3.2.0 OK for: @prisma/dev@0.24.3 want: 3.2.0
306 silly placeDep ROOT http-status-codes@2.3.0 OK for: @prisma/dev@0.24.3 want: 2.3.0
307 silly placeDep ROOT pathe@2.0.3 OK for: @prisma/dev@0.24.3 want: 2.0.3
308 silly placeDep ROOT proper-lockfile@4.1.2 OK for: @prisma/dev@0.24.3 want: 4.1.2
309 silly placeDep ROOT remeda@2.33.4 OK for: @prisma/dev@0.24.3 want: 2.33.4
310 silly placeDep ROOT std-env@3.10.0 OK for: @prisma/dev@0.24.3 want: 3.10.0
311 silly placeDep ROOT valibot@1.2.0 OK for: @prisma/dev@0.24.3 want: 1.2.0
312 silly placeDep ROOT zeptomatch@2.1.0 OK for: @prisma/dev@0.24.3 want: 2.1.0
313 silly fetch manifest @prisma/debug@7.2.0
314 silly packumentCache full:https://registry.npmjs.org/@prisma%2fdebug cache-miss
315 http fetch GET 200 https://registry.npmjs.org/@prisma%2fdebug 68ms (cache hit)
316 silly packumentCache full:https://registry.npmjs.org/@prisma%2fdebug set size:28722398 disposed:false
317 silly fetch manifest ajv@^8.12.0
318 silly packumentCache full:https://registry.npmjs.org/ajv cache-miss
319 http fetch GET 200 https://registry.npmjs.org/ajv 50ms (cache miss)
320 silly packumentCache full:https://registry.npmjs.org/ajv set size:undefined disposed:false
321 silly fetch manifest env-paths@^3.0.0
322 silly packumentCache full:https://registry.npmjs.org/env-paths cache-miss
323 http fetch GET 200 https://registry.npmjs.org/env-paths 40ms (cache miss)
324 silly packumentCache full:https://registry.npmjs.org/env-paths set size:undefined disposed:false
325 silly fetch manifest better-result@^2.7.0
326 silly packumentCache full:https://registry.npmjs.org/better-result cache-miss
327 http fetch GET 200 https://registry.npmjs.org/better-result 26ms (cache miss)
328 silly packumentCache full:https://registry.npmjs.org/better-result set size:undefined disposed:false
329 silly fetch manifest proper-lockfile@^4.1.2
330 silly packumentCache full:https://registry.npmjs.org/proper-lockfile cache-miss
331 http fetch GET 200 https://registry.npmjs.org/proper-lockfile 4ms (cache hit)
332 silly packumentCache full:https://registry.npmjs.org/proper-lockfile set size:82421 disposed:false
333 silly fetch manifest cross-spawn@^7.0.6
334 silly packumentCache full:https://registry.npmjs.org/cross-spawn cache-miss
335 http fetch GET 200 https://registry.npmjs.org/cross-spawn 41ms (cache miss)
336 silly packumentCache full:https://registry.npmjs.org/cross-spawn set size:undefined disposed:false
337 silly fetch manifest signal-exit@^4.0.1
338 silly packumentCache full:https://registry.npmjs.org/signal-exit cache-miss
339 http fetch GET 200 https://registry.npmjs.org/signal-exit 26ms (cache miss)
340 silly packumentCache full:https://registry.npmjs.org/signal-exit set size:undefined disposed:false
341 silly fetch manifest graceful-fs@^4.2.4
342 silly packumentCache full:https://registry.npmjs.org/graceful-fs cache-miss
343 http fetch GET 200 https://registry.npmjs.org/graceful-fs 37ms (cache miss)
344 silly packumentCache full:https://registry.npmjs.org/graceful-fs set size:undefined disposed:false
345 silly fetch manifest retry@^0.12.0
346 silly packumentCache full:https://registry.npmjs.org/retry cache-miss
347 http fetch GET 200 https://registry.npmjs.org/retry 29ms (cache miss)
348 silly packumentCache full:https://registry.npmjs.org/retry set size:undefined disposed:false
349 silly fetch manifest signal-exit@^3.0.2
350 silly packumentCache full:https://registry.npmjs.org/signal-exit cache-miss
351 http fetch GET 200 https://registry.npmjs.org/signal-exit 3ms (cache hit)
352 silly packumentCache full:https://registry.npmjs.org/signal-exit set size:53489 disposed:false
353 silly fetch manifest grammex@^3.1.11
354 silly packumentCache full:https://registry.npmjs.org/grammex cache-miss
355 http fetch GET 200 https://registry.npmjs.org/grammex 35ms (cache miss)
356 silly packumentCache full:https://registry.npmjs.org/grammex set size:undefined disposed:false
357 silly fetch manifest graphmatch@^1.1.0
358 silly packumentCache full:https://registry.npmjs.org/graphmatch cache-miss
359 http fetch GET 200 https://registry.npmjs.org/graphmatch 24ms (cache miss)
360 silly packumentCache full:https://registry.npmjs.org/graphmatch set size:undefined disposed:false
361 silly placeDep ROOT @prisma/debug@7.8.0 OK for: @prisma/engines@7.8.0 want: 7.8.0
362 silly placeDep ROOT @prisma/engines-version@7.8.0-6.3c6e192761c0362d496ed980de936e2f3cebcd3a OK for: @prisma/engines@7.8.0 want: 7.8.0-6.3c6e192761c0362d496ed980de936e2f3cebcd3a
363 silly placeDep ROOT @prisma/fetch-engine@7.8.0 OK for: @prisma/engines@7.8.0 want: 7.8.0
364 silly placeDep node_modules/@prisma/engines @prisma/get-platform@7.8.0 OK for: @prisma/engines@7.8.0 want: 7.8.0
365 silly placeDep node_modules/@prisma/fetch-engine @prisma/get-platform@7.8.0 OK for: @prisma/fetch-engine@7.8.0 want: 7.8.0
366 silly placeDep node_modules/@prisma/get-platform @prisma/debug@7.2.0 OK for: @prisma/get-platform@7.2.0 want: 7.2.0
367 silly placeDep ROOT ajv@8.20.0 OK for: @prisma/streams-local@0.1.2 want: ^8.12.0
368 silly placeDep ROOT better-result@2.9.2 OK for: @prisma/streams-local@0.1.2 want: ^2.7.0
369 silly placeDep ROOT env-paths@3.0.0 OK for: @prisma/streams-local@0.1.2 want: ^3.0.0
370 silly fetch manifest fast-deep-equal@^3.1.3
371 silly packumentCache full:https://registry.npmjs.org/fast-deep-equal cache-miss
372 http fetch GET 200 https://registry.npmjs.org/fast-deep-equal 35ms (cache miss)
373 silly packumentCache full:https://registry.npmjs.org/fast-deep-equal set size:undefined disposed:false
374 silly fetch manifest fast-uri@^3.0.1
375 silly packumentCache full:https://registry.npmjs.org/fast-uri cache-miss
376 http fetch GET 200 https://registry.npmjs.org/fast-uri 27ms (cache miss)
377 silly packumentCache full:https://registry.npmjs.org/fast-uri set size:undefined disposed:false
378 silly fetch manifest json-schema-traverse@^1.0.0
379 silly packumentCache full:https://registry.npmjs.org/json-schema-traverse cache-miss
380 http fetch GET 200 https://registry.npmjs.org/json-schema-traverse 35ms (cache miss)
381 silly packumentCache full:https://registry.npmjs.org/json-schema-traverse set size:undefined disposed:false
382 silly fetch manifest require-from-string@^2.0.2
383 silly packumentCache full:https://registry.npmjs.org/require-from-string cache-miss
384 http fetch GET 200 https://registry.npmjs.org/require-from-string 31ms (cache miss)
385 silly packumentCache full:https://registry.npmjs.org/require-from-string set size:undefined disposed:false
386 silly fetch manifest @types/react-dom@*
387 silly packumentCache full:https://registry.npmjs.org/@types%2freact-dom cache-miss
388 http fetch GET 200 https://registry.npmjs.org/@types%2freact-dom 71ms (cache miss)
389 silly packumentCache full:https://registry.npmjs.org/@types%2freact-dom set size:undefined disposed:false
390 silly placeDep ROOT @radix-ui/react-toggle@1.1.10 OK for: @prisma/studio-core@0.27.3 want: 1.1.10
391 silly placeDep ROOT chart.js@4.5.1 OK for: @prisma/studio-core@0.27.3 want: 4.5.1
392 silly fetch manifest @radix-ui/primitive@1.1.3
393 silly packumentCache full:https://registry.npmjs.org/@radix-ui%2fprimitive cache-miss
394 http fetch GET 200 https://registry.npmjs.org/@radix-ui%2fprimitive 48ms (cache miss)
395 silly packumentCache full:https://registry.npmjs.org/@radix-ui%2fprimitive set size:undefined disposed:false
396 silly fetch manifest @radix-ui/react-primitive@2.1.3
397 silly packumentCache full:https://registry.npmjs.org/@radix-ui%2freact-primitive cache-miss
398 http fetch GET 200 https://registry.npmjs.org/@radix-ui%2freact-primitive 82ms (cache miss)
399 silly packumentCache full:https://registry.npmjs.org/@radix-ui%2freact-primitive set size:undefined disposed:false
400 silly fetch manifest @radix-ui/react-use-controllable-state@1.2.2
401 silly packumentCache full:https://registry.npmjs.org/@radix-ui%2freact-use-controllable-state cache-miss
402 http fetch GET 200 https://registry.npmjs.org/@radix-ui%2freact-use-controllable-state 54ms (cache miss)
403 silly packumentCache full:https://registry.npmjs.org/@radix-ui%2freact-use-controllable-state set size:undefined disposed:false
404 silly fetch manifest @kurkle/color@^0.3.0
405 silly packumentCache full:https://registry.npmjs.org/@kurkle%2fcolor cache-miss
406 http fetch GET 200 https://registry.npmjs.org/@kurkle%2fcolor 61ms (cache miss)
407 silly packumentCache full:https://registry.npmjs.org/@kurkle%2fcolor set size:undefined disposed:false
408 silly fetch manifest @types/react@*
409 silly packumentCache full:https://registry.npmjs.org/@types%2freact cache-miss
410 http fetch GET 200 https://registry.npmjs.org/@types%2freact 8ms (cache hit)
411 silly packumentCache full:https://registry.npmjs.org/@types%2freact set size:2632776 disposed:false
412 silly fetch manifest react@^16.8 || ^17.0 || ^18.0 || ^19.0 || ^19.0.0-rc
413 silly packumentCache full:https://registry.npmjs.org/react cache-miss
414 http fetch GET 200 https://registry.npmjs.org/react 17ms (cache hit)
415 silly packumentCache full:https://registry.npmjs.org/react set size:6693019 disposed:false
416 silly fetch manifest react-dom@^16.8 || ^17.0 || ^18.0 || ^19.0 || ^19.0.0-rc
417 silly packumentCache full:https://registry.npmjs.org/react-dom cache-miss
418 http fetch GET 200 https://registry.npmjs.org/react-dom 33ms (cache hit)
419 silly packumentCache full:https://registry.npmjs.org/react-dom set size:8937624 disposed:false
420 silly placeDep ROOT @radix-ui/primitive@1.1.3 OK for: @radix-ui/react-toggle@1.1.10 want: 1.1.3
421 silly placeDep ROOT @radix-ui/react-primitive@2.1.3 OK for: @radix-ui/react-toggle@1.1.10 want: 2.1.3
422 silly placeDep ROOT @radix-ui/react-use-controllable-state@1.2.2 OK for: @radix-ui/react-toggle@1.1.10 want: 1.2.2
423 silly fetch manifest @radix-ui/react-slot@1.2.3
424 silly packumentCache full:https://registry.npmjs.org/@radix-ui%2freact-slot cache-miss
425 http fetch GET 200 https://registry.npmjs.org/@radix-ui%2freact-slot 58ms (cache miss)
426 silly packumentCache full:https://registry.npmjs.org/@radix-ui%2freact-slot set size:undefined disposed:false
427 silly fetch manifest @radix-ui/react-use-effect-event@0.0.2
428 silly packumentCache full:https://registry.npmjs.org/@radix-ui%2freact-use-effect-event cache-miss
429 http fetch GET 200 https://registry.npmjs.org/@radix-ui%2freact-use-effect-event 56ms (cache miss)
430 silly packumentCache full:https://registry.npmjs.org/@radix-ui%2freact-use-effect-event set size:undefined disposed:false
431 silly fetch manifest @radix-ui/react-use-layout-effect@1.1.1
432 silly packumentCache full:https://registry.npmjs.org/@radix-ui%2freact-use-layout-effect cache-miss
433 http fetch GET 200 https://registry.npmjs.org/@radix-ui%2freact-use-layout-effect 48ms (cache miss)
434 silly packumentCache full:https://registry.npmjs.org/@radix-ui%2freact-use-layout-effect set size:undefined disposed:false
435 silly placeDep ROOT @radix-ui/react-slot@1.2.3 OK for: @radix-ui/react-primitive@2.1.3 want: 1.2.3
436 silly fetch manifest @radix-ui/react-compose-refs@1.1.2
437 silly packumentCache full:https://registry.npmjs.org/@radix-ui%2freact-compose-refs cache-miss
438 http fetch GET 200 https://registry.npmjs.org/@radix-ui%2freact-compose-refs 73ms (cache miss)
439 silly packumentCache full:https://registry.npmjs.org/@radix-ui%2freact-compose-refs set size:undefined disposed:false
440 silly placeDep ROOT @radix-ui/react-compose-refs@1.1.2 OK for: @radix-ui/react-slot@1.2.3 want: 1.1.2
441 silly placeDep ROOT @radix-ui/react-use-effect-event@0.0.2 OK for: @radix-ui/react-use-controllable-state@1.2.2 want: 0.0.2
442 silly placeDep ROOT @radix-ui/react-use-layout-effect@1.1.1 OK for: @radix-ui/react-use-controllable-state@1.2.2 want: 1.1.1
443 silly placeDep ROOT csstype@3.2.3 OK for: @types/react@19.2.17 want: ^3.2.2
444 silly placeDep ROOT fast-deep-equal@3.1.3 OK for: ajv@8.20.0 want: ^3.1.3
445 silly placeDep ROOT fast-uri@3.1.2 OK for: ajv@8.20.0 want: ^3.0.1
446 silly placeDep ROOT json-schema-traverse@1.0.0 OK for: ajv@8.20.0 want: ^1.0.0
447 silly placeDep ROOT require-from-string@2.0.2 OK for: ajv@8.20.0 want: ^2.0.2
448 silly placeDep ROOT chokidar@5.0.0 OK for: c12@3.3.4 want: ^5.0.0
449 silly placeDep ROOT confbox@0.2.4 OK for: c12@3.3.4 want: ^0.2.4
450 silly placeDep ROOT defu@6.1.7 OK for: c12@3.3.4 want: ^6.1.6
451 silly placeDep ROOT dotenv@17.4.2 OK for: c12@3.3.4 want: ^17.3.1
452 silly placeDep ROOT exsolve@1.0.8 OK for: c12@3.3.4 want: ^1.0.8
453 silly placeDep ROOT giget@3.2.0 OK for: c12@3.3.4 want: ^3.2.0
454 silly placeDep ROOT jiti@2.7.0 OK for: c12@3.3.4 want: ^2.6.1
455 silly placeDep ROOT ohash@2.0.11 OK for: c12@3.3.4 want: ^2.0.11
456 silly placeDep ROOT perfect-debounce@2.1.0 OK for: c12@3.3.4 want: ^2.1.0
457 silly placeDep ROOT pkg-types@2.3.1 OK for: c12@3.3.4 want: ^2.3.0
458 silly placeDep ROOT rc9@3.0.1 OK for: c12@3.3.4 want: ^3.0.1
459 silly fetch manifest readdirp@^5.0.0
460 silly packumentCache full:https://registry.npmjs.org/readdirp cache-miss
461 http fetch GET 200 https://registry.npmjs.org/readdirp 33ms (cache miss)
462 silly packumentCache full:https://registry.npmjs.org/readdirp set size:undefined disposed:false
463 silly fetch manifest destr@^2.0.5
464 silly packumentCache full:https://registry.npmjs.org/destr cache-miss
465 http fetch GET 200 https://registry.npmjs.org/destr 43ms (cache miss)
466 silly packumentCache full:https://registry.npmjs.org/destr set size:undefined disposed:false
467 silly placeDep ROOT @kurkle/color@0.3.4 OK for: chart.js@4.5.1 want: ^0.3.0
468 silly placeDep ROOT readdirp@5.0.0 OK for: chokidar@5.0.0 want: ^5.0.0
469 silly placeDep ROOT @standard-schema/spec@1.1.0 OK for: effect@3.20.0 want: ^1.0.0
470 silly placeDep ROOT fast-check@3.23.2 OK for: effect@3.20.0 want: ^3.23.1
471 silly fetch manifest pure-rand@^6.1.0
472 silly packumentCache full:https://registry.npmjs.org/pure-rand cache-miss
473 http fetch GET 200 https://registry.npmjs.org/pure-rand 31ms (cache miss)
474 silly packumentCache full:https://registry.npmjs.org/pure-rand set size:undefined disposed:false
475 silly placeDep ROOT pure-rand@6.1.0 OK for: fast-check@3.23.2 want: ^6.1.0
476 silly placeDep ROOT cross-spawn@7.0.6 OK for: foreground-child@3.3.1 want: ^7.0.6
477 silly placeDep ROOT signal-exit@4.1.0 OK for: foreground-child@3.3.1 want: ^4.0.1
478 silly fetch manifest which@^2.0.1
479 silly packumentCache full:https://registry.npmjs.org/which cache-miss
480 http fetch GET 200 https://registry.npmjs.org/which 40ms (cache miss)
481 silly packumentCache full:https://registry.npmjs.org/which set size:undefined disposed:false
482 silly fetch manifest path-key@^3.1.0
483 silly packumentCache full:https://registry.npmjs.org/path-key cache-miss
484 http fetch GET 200 https://registry.npmjs.org/path-key 26ms (cache miss)
485 silly packumentCache full:https://registry.npmjs.org/path-key set size:undefined disposed:false
486 silly fetch manifest shebang-command@^2.0.0
487 silly packumentCache full:https://registry.npmjs.org/shebang-command cache-miss
488 http fetch GET 200 https://registry.npmjs.org/shebang-command 33ms (cache miss)
489 silly packumentCache full:https://registry.npmjs.org/shebang-command set size:undefined disposed:false
490 silly placeDep ROOT path-key@3.1.1 OK for: cross-spawn@7.0.6 want: ^3.1.0
491 silly placeDep ROOT shebang-command@2.0.0 OK for: cross-spawn@7.0.6 want: ^2.0.0
492 silly placeDep ROOT which@2.0.2 OK for: cross-spawn@7.0.6 want: ^2.0.1
493 silly fetch manifest shebang-regex@^3.0.0
494 silly packumentCache full:https://registry.npmjs.org/shebang-regex cache-miss
495 http fetch GET 200 https://registry.npmjs.org/shebang-regex 30ms (cache miss)
496 silly packumentCache full:https://registry.npmjs.org/shebang-regex set size:undefined disposed:false
497 silly fetch manifest isexe@^2.0.0
498 silly packumentCache full:https://registry.npmjs.org/isexe cache-miss
499 http fetch GET 200 https://registry.npmjs.org/isexe 36ms (cache miss)
500 silly packumentCache full:https://registry.npmjs.org/isexe set size:undefined disposed:false
501 silly placeDep ROOT aws-ssl-profiles@1.1.2 OK for: mysql2@3.15.3 want: ^1.1.1
502 silly placeDep ROOT denque@2.1.0 OK for: mysql2@3.15.3 want: ^2.1.0
503 silly placeDep ROOT generate-function@2.3.1 OK for: mysql2@3.15.3 want: ^2.3.1
504 silly placeDep ROOT iconv-lite@0.7.2 OK for: mysql2@3.15.3 want: ^0.7.0
505 silly placeDep ROOT long@5.3.2 OK for: mysql2@3.15.3 want: ^5.2.1
506 silly placeDep ROOT lru.min@1.1.4 OK for: mysql2@3.15.3 want: ^1.0.0
507 silly placeDep ROOT named-placeholders@1.1.6 OK for: mysql2@3.15.3 want: ^1.1.3
508 silly placeDep ROOT seq-queue@0.0.5 OK for: mysql2@3.15.3 want: ^0.0.5
509 silly placeDep ROOT sqlstring@2.3.3 OK for: mysql2@3.15.3 want: ^2.3.2
510 silly fetch manifest is-property@^1.0.2
511 silly packumentCache full:https://registry.npmjs.org/is-property cache-miss
512 http fetch GET 200 https://registry.npmjs.org/is-property 29ms (cache miss)
513 silly packumentCache full:https://registry.npmjs.org/is-property set size:undefined disposed:false
514 silly fetch manifest safer-buffer@>= 2.1.2 < 3.0.0
515 silly packumentCache full:https://registry.npmjs.org/safer-buffer cache-miss
516 http fetch GET 200 https://registry.npmjs.org/safer-buffer 35ms (cache miss)
517 silly packumentCache full:https://registry.npmjs.org/safer-buffer set size:undefined disposed:false
518 silly placeDep ROOT is-property@1.0.2 OK for: generate-function@2.3.1 want: ^1.0.2
519 silly placeDep ROOT safer-buffer@2.1.2 OK for: iconv-lite@0.7.2 want: >= 2.1.2 < 3.0.0
520 silly placeDep ROOT graceful-fs@4.2.11 OK for: proper-lockfile@4.1.2 want: ^4.2.4
521 silly placeDep ROOT retry@0.12.0 OK for: proper-lockfile@4.1.2 want: ^0.12.0
522 silly placeDep node_modules/proper-lockfile signal-exit@3.0.7 OK for: proper-lockfile@4.1.2 want: ^3.0.2
523 silly placeDep ROOT destr@2.0.5 OK for: rc9@3.0.1 want: ^2.0.5
524 silly placeDep ROOT scheduler@0.27.0 OK for: react-dom@19.2.7 want: ^0.27.0
525 silly placeDep ROOT shebang-regex@3.0.0 OK for: shebang-command@2.0.0 want: ^3.0.0
526 silly placeDep ROOT isexe@2.0.0 OK for: which@2.0.2 want: ^2.0.0
527 silly placeDep ROOT grammex@3.1.12 OK for: zeptomatch@2.1.0 want: ^3.1.11
528 silly placeDep ROOT graphmatch@1.1.1 OK for: zeptomatch@2.1.0 want: ^1.1.0
529 warn EBADENGINE Unsupported engine {
529 warn EBADENGINE   package: '@prisma/streams-local@0.1.2',
529 warn EBADENGINE   required: { bun: '>=1.3.6', node: '>=22.0.0' },
529 warn EBADENGINE   current: { node: 'v20.20.2', npm: '10.8.2' }
529 warn EBADENGINE }
530 silly reify moves {}
531 silly audit bulk request {
531 silly audit   prisma: [ '7.8.0' ],
531 silly audit   '@prisma/config': [ '7.8.0' ],
531 silly audit   '@prisma/dev': [ '0.24.3' ],
531 silly audit   '@prisma/engines': [ '7.8.0' ],
531 silly audit   '@prisma/studio-core': [ '0.27.3' ],
531 silly audit   react: [ '19.2.7' ],
531 silly audit   'react-dom': [ '19.2.7' ],
531 silly audit   '@types/react': [ '19.2.17' ],
531 silly audit   mysql2: [ '3.15.3' ],
531 silly audit   postgres: [ '3.4.7' ],
531 silly audit   c12: [ '3.3.4' ],
531 silly audit   'deepmerge-ts': [ '7.1.5' ],
531 silly audit   effect: [ '3.20.0' ],
531 silly audit   empathic: [ '2.0.0' ],
531 silly audit   '@electric-sql/pglite': [ '0.4.1' ],
531 silly audit   '@electric-sql/pglite-socket': [ '0.1.1' ],
531 silly audit   '@electric-sql/pglite-tools': [ '0.3.1' ],
531 silly audit   '@hono/node-server': [ '1.19.11' ],
531 silly audit   hono: [ '4.12.25' ],
531 silly audit   '@prisma/get-platform': [ '7.2.0', '7.8.0' ],
531 silly audit   '@prisma/query-plan-executor': [ '7.2.0' ],
531 silly audit   '@prisma/streams-local': [ '0.1.2' ],
531 silly audit   'foreground-child': [ '3.3.1' ],
531 silly audit   'get-port-please': [ '3.2.0' ],
531 silly audit   'http-status-codes': [ '2.3.0' ],
531 silly audit   pathe: [ '2.0.3' ],
531 silly audit   'proper-lockfile': [ '4.1.2' ],
531 silly audit   remeda: [ '2.33.4' ],
531 silly audit   'std-env': [ '3.10.0' ],
531 silly audit   valibot: [ '1.2.0' ],
531 silly audit   zeptomatch: [ '2.1.0' ],
531 silly audit   '@prisma/debug': [ '7.8.0', '7.2.0' ],
531 silly audit   '@prisma/engines-version': [ '7.8.0-6.3c6e192761c0362d496ed980de936e2f3cebcd3a' ],
531 silly audit   '@prisma/fetch-engine': [ '7.8.0' ],
531 silly audit   ajv: [ '8.20.0' ],
531 silly audit   'better-result': [ '2.9.2' ],
531 silly audit   'env-paths': [ '3.0.0' ],
531 silly audit   '@radix-ui/react-toggle': [ '1.1.10' ],
531 silly audit   'chart.js': [ '4.5.1' ],
531 silly audit   '@radix-ui/primitive': [ '1.1.3' ],
531 silly audit   '@radix-ui/react-primitive': [ '2.1.3' ],
531 silly audit   '@radix-ui/react-use-controllable-state': [ '1.2.2' ],
531 silly audit   '@radix-ui/react-slot': [ '1.2.3' ],
531 silly audit   '@radix-ui/react-compose-refs': [ '1.1.2' ],
531 silly audit   '@radix-ui/react-use-effect-event': [ '0.0.2' ],
531 silly audit   '@radix-ui/react-use-layout-effect': [ '1.1.1' ],
531 silly audit   csstype: [ '3.2.3' ],
531 silly audit   'fast-deep-equal': [ '3.1.3' ],
531 silly audit   'fast-uri': [ '3.1.2' ],
531 silly audit   'json-schema-traverse': [ '1.0.0' ],
531 silly audit   'require-from-string': [ '2.0.2' ],
531 silly audit   chokidar: [ '5.0.0' ],
531 silly audit   confbox: [ '0.2.4' ],
531 silly audit   defu: [ '6.1.7' ],
531 silly audit   dotenv: [ '17.4.2' ],
531 silly audit   exsolve: [ '1.0.8' ],
531 silly audit   giget: [ '3.2.0' ],
531 silly audit   jiti: [ '2.7.0' ],
531 silly audit   ohash: [ '2.0.11' ],
531 silly audit   'perfect-debounce': [ '2.1.0' ],
531 silly audit   'pkg-types': [ '2.3.1' ],
531 silly audit   rc9: [ '3.0.1' ],
531 silly audit   '@kurkle/color': [ '0.3.4' ],
531 silly audit   readdirp: [ '5.0.0' ],
531 silly audit   '@standard-schema/spec': [ '1.1.0' ],
531 silly audit   'fast-check': [ '3.23.2' ],
531 silly audit   'pure-rand': [ '6.1.0' ],
531 silly audit   'cross-spawn': [ '7.0.6' ],
531 silly audit   'signal-exit': [ '4.1.0', '3.0.7' ],
531 silly audit   'path-key': [ '3.1.1' ],
531 silly audit   'shebang-command': [ '2.0.0' ],
531 silly audit   which: [ '2.0.2' ],
531 silly audit   'aws-ssl-profiles': [ '1.1.2' ],
531 silly audit   denque: [ '2.1.0' ],
531 silly audit   'generate-function': [ '2.3.1' ],
531 silly audit   'iconv-lite': [ '0.7.2' ],
531 silly audit   long: [ '5.3.2' ],
531 silly audit   'lru.min': [ '1.1.4' ],
531 silly audit   'named-placeholders': [ '1.1.6' ],
531 silly audit   'seq-queue': [ '0.0.5' ],
531 silly audit   sqlstring: [ '2.3.3' ],
531 silly audit   'is-property': [ '1.0.2' ],
531 silly audit   'safer-buffer': [ '2.1.2' ],
531 silly audit   'graceful-fs': [ '4.2.11' ],
531 silly audit   retry: [ '0.12.0' ],
531 silly audit   destr: [ '2.0.5' ],
531 silly audit   scheduler: [ '0.27.0' ],
531 silly audit   'shebang-regex': [ '3.0.0' ],
531 silly audit   isexe: [ '2.0.0' ],
531 silly audit   grammex: [ '3.1.12' ],
531 silly audit   graphmatch: [ '1.1.1' ]
531 silly audit }
532 silly tarball no local data for grammex@https://registry.npmjs.org/grammex/-/grammex-3.1.12.tgz. Extracting by manifest.
533 silly tarball no local data for isexe@https://registry.npmjs.org/isexe/-/isexe-2.0.0.tgz. Extracting by manifest.
534 silly tarball no local data for graphmatch@https://registry.npmjs.org/graphmatch/-/graphmatch-1.1.1.tgz. Extracting by manifest.
535 silly tarball no local data for shebang-regex@https://registry.npmjs.org/shebang-regex/-/shebang-regex-3.0.0.tgz. Extracting by manifest.
536 silly tarball no local data for scheduler@https://registry.npmjs.org/scheduler/-/scheduler-0.27.0.tgz. Extracting by manifest.
537 silly tarball no local data for destr@https://registry.npmjs.org/destr/-/destr-2.0.5.tgz. Extracting by manifest.
538 silly tarball no local data for retry@https://registry.npmjs.org/retry/-/retry-0.12.0.tgz. Extracting by manifest.
539 silly tarball no local data for graceful-fs@https://registry.npmjs.org/graceful-fs/-/graceful-fs-4.2.11.tgz. Extracting by manifest.
540 silly tarball no local data for safer-buffer@https://registry.npmjs.org/safer-buffer/-/safer-buffer-2.1.2.tgz. Extracting by manifest.
541 silly tarball no local data for is-property@https://registry.npmjs.org/is-property/-/is-property-1.0.2.tgz. Extracting by manifest.
542 silly tarball no local data for sqlstring@https://registry.npmjs.org/sqlstring/-/sqlstring-2.3.3.tgz. Extracting by manifest.
543 silly tarball no local data for seq-queue@https://registry.npmjs.org/seq-queue/-/seq-queue-0.0.5.tgz. Extracting by manifest.
544 silly tarball no local data for named-placeholders@https://registry.npmjs.org/named-placeholders/-/named-placeholders-1.1.6.tgz. Extracting by manifest.
545 silly tarball no local data for lru.min@https://registry.npmjs.org/lru.min/-/lru.min-1.1.4.tgz. Extracting by manifest.
546 silly tarball no local data for long@https://registry.npmjs.org/long/-/long-5.3.2.tgz. Extracting by manifest.
547 silly tarball no local data for iconv-lite@https://registry.npmjs.org/iconv-lite/-/iconv-lite-0.7.2.tgz. Extracting by manifest.
548 silly tarball no local data for generate-function@https://registry.npmjs.org/generate-function/-/generate-function-2.3.1.tgz. Extracting by manifest.
549 silly tarball no local data for denque@https://registry.npmjs.org/denque/-/denque-2.1.0.tgz. Extracting by manifest.
550 silly tarball no local data for aws-ssl-profiles@https://registry.npmjs.org/aws-ssl-profiles/-/aws-ssl-profiles-1.1.2.tgz. Extracting by manifest.
551 silly tarball no local data for which@https://registry.npmjs.org/which/-/which-2.0.2.tgz. Extracting by manifest.
552 silly tarball no local data for shebang-command@https://registry.npmjs.org/shebang-command/-/shebang-command-2.0.0.tgz. Extracting by manifest.
553 silly tarball no local data for path-key@https://registry.npmjs.org/path-key/-/path-key-3.1.1.tgz. Extracting by manifest.
554 silly tarball no local data for signal-exit@https://registry.npmjs.org/signal-exit/-/signal-exit-4.1.0.tgz. Extracting by manifest.
555 silly tarball no local data for cross-spawn@https://registry.npmjs.org/cross-spawn/-/cross-spawn-7.0.6.tgz. Extracting by manifest.
556 silly tarball no local data for pure-rand@https://registry.npmjs.org/pure-rand/-/pure-rand-6.1.0.tgz. Extracting by manifest.
557 silly tarball no local data for fast-check@https://registry.npmjs.org/fast-check/-/fast-check-3.23.2.tgz. Extracting by manifest.
558 silly tarball no local data for @standard-schema/spec@https://registry.npmjs.org/@standard-schema/spec/-/spec-1.1.0.tgz. Extracting by manifest.
559 silly tarball no local data for readdirp@https://registry.npmjs.org/readdirp/-/readdirp-5.0.0.tgz. Extracting by manifest.
560 silly tarball no local data for @kurkle/color@https://registry.npmjs.org/@kurkle/color/-/color-0.3.4.tgz. Extracting by manifest.
561 silly tarball no local data for rc9@https://registry.npmjs.org/rc9/-/rc9-3.0.1.tgz. Extracting by manifest.
562 silly tarball no local data for perfect-debounce@https://registry.npmjs.org/perfect-debounce/-/perfect-debounce-2.1.0.tgz. Extracting by manifest.
563 silly tarball no local data for pkg-types@https://registry.npmjs.org/pkg-types/-/pkg-types-2.3.1.tgz. Extracting by manifest.
564 silly tarball no local data for ohash@https://registry.npmjs.org/ohash/-/ohash-2.0.11.tgz. Extracting by manifest.
565 silly tarball no local data for jiti@https://registry.npmjs.org/jiti/-/jiti-2.7.0.tgz. Extracting by manifest.
566 silly tarball no local data for giget@https://registry.npmjs.org/giget/-/giget-3.2.0.tgz. Extracting by manifest.
567 silly tarball no local data for exsolve@https://registry.npmjs.org/exsolve/-/exsolve-1.0.8.tgz. Extracting by manifest.
568 silly tarball no local data for dotenv@https://registry.npmjs.org/dotenv/-/dotenv-17.4.2.tgz. Extracting by manifest.
569 silly tarball no local data for defu@https://registry.npmjs.org/defu/-/defu-6.1.7.tgz. Extracting by manifest.
570 silly tarball no local data for confbox@https://registry.npmjs.org/confbox/-/confbox-0.2.4.tgz. Extracting by manifest.
571 silly tarball no local data for chokidar@https://registry.npmjs.org/chokidar/-/chokidar-5.0.0.tgz. Extracting by manifest.
572 silly tarball no local data for require-from-string@https://registry.npmjs.org/require-from-string/-/require-from-string-2.0.2.tgz. Extracting by manifest.
573 silly tarball no local data for json-schema-traverse@https://registry.npmjs.org/json-schema-traverse/-/json-schema-traverse-1.0.0.tgz. Extracting by manifest.
574 silly tarball no local data for fast-uri@https://registry.npmjs.org/fast-uri/-/fast-uri-3.1.2.tgz. Extracting by manifest.
575 silly tarball no local data for fast-deep-equal@https://registry.npmjs.org/fast-deep-equal/-/fast-deep-equal-3.1.3.tgz. Extracting by manifest.
576 silly tarball no local data for csstype@https://registry.npmjs.org/csstype/-/csstype-3.2.3.tgz. Extracting by manifest.
577 silly tarball no local data for @radix-ui/react-use-layout-effect@https://registry.npmjs.org/@radix-ui/react-use-layout-effect/-/react-use-layout-effect-1.1.1.tgz. Extracting by manifest.
578 silly tarball no local data for @radix-ui/react-use-effect-event@https://registry.npmjs.org/@radix-ui/react-use-effect-event/-/react-use-effect-event-0.0.2.tgz. Extracting by manifest.
579 silly tarball no local data for @radix-ui/react-slot@https://registry.npmjs.org/@radix-ui/react-slot/-/react-slot-1.2.3.tgz. Extracting by manifest.
580 silly tarball no local data for @radix-ui/react-use-controllable-state@https://registry.npmjs.org/@radix-ui/react-use-controllable-state/-/react-use-controllable-state-1.2.2.tgz. Extracting by manifest.
581 silly tarball no local data for @radix-ui/react-primitive@https://registry.npmjs.org/@radix-ui/react-primitive/-/react-primitive-2.1.3.tgz. Extracting by manifest.
582 silly tarball no local data for @radix-ui/react-compose-refs@https://registry.npmjs.org/@radix-ui/react-compose-refs/-/react-compose-refs-1.1.2.tgz. Extracting by manifest.
583 silly tarball no local data for @radix-ui/primitive@https://registry.npmjs.org/@radix-ui/primitive/-/primitive-1.1.3.tgz. Extracting by manifest.
584 silly tarball no local data for chart.js@https://registry.npmjs.org/chart.js/-/chart.js-4.5.1.tgz. Extracting by manifest.
585 silly tarball no local data for @radix-ui/react-toggle@https://registry.npmjs.org/@radix-ui/react-toggle/-/react-toggle-1.1.10.tgz. Extracting by manifest.
586 silly tarball no local data for env-paths@https://registry.npmjs.org/env-paths/-/env-paths-3.0.0.tgz. Extracting by manifest.
587 silly tarball no local data for better-result@https://registry.npmjs.org/better-result/-/better-result-2.9.2.tgz. Extracting by manifest.
588 silly tarball no local data for ajv@https://registry.npmjs.org/ajv/-/ajv-8.20.0.tgz. Extracting by manifest.
589 silly tarball no local data for @prisma/fetch-engine@https://registry.npmjs.org/@prisma/fetch-engine/-/fetch-engine-7.8.0.tgz. Extracting by manifest.
590 silly tarball no local data for @prisma/engines-version@https://registry.npmjs.org/@prisma/engines-version/-/engines-version-7.8.0-6.3c6e192761c0362d496ed980de936e2f3cebcd3a.tgz. Extracting by manifest.
591 silly tarball no local data for @prisma/debug@https://registry.npmjs.org/@prisma/debug/-/debug-7.8.0.tgz. Extracting by manifest.
592 silly tarball no local data for zeptomatch@https://registry.npmjs.org/zeptomatch/-/zeptomatch-2.1.0.tgz. Extracting by manifest.
593 silly tarball no local data for valibot@https://registry.npmjs.org/valibot/-/valibot-1.2.0.tgz. Extracting by manifest.
594 silly tarball no local data for std-env@https://registry.npmjs.org/std-env/-/std-env-3.10.0.tgz. Extracting by manifest.
595 silly tarball no local data for remeda@https://registry.npmjs.org/remeda/-/remeda-2.33.4.tgz. Extracting by manifest.
596 silly tarball no local data for proper-lockfile@https://registry.npmjs.org/proper-lockfile/-/proper-lockfile-4.1.2.tgz. Extracting by manifest.
597 silly tarball no local data for pathe@https://registry.npmjs.org/pathe/-/pathe-2.0.3.tgz. Extracting by manifest.
598 silly tarball no local data for http-status-codes@https://registry.npmjs.org/http-status-codes/-/http-status-codes-2.3.0.tgz. Extracting by manifest.
599 silly tarball no local data for get-port-please@https://registry.npmjs.org/get-port-please/-/get-port-please-3.2.0.tgz. Extracting by manifest.
600 silly tarball no local data for foreground-child@https://registry.npmjs.org/foreground-child/-/foreground-child-3.3.1.tgz. Extracting by manifest.
601 silly tarball no local data for @prisma/streams-local@https://registry.npmjs.org/@prisma/streams-local/-/streams-local-0.1.2.tgz. Extracting by manifest.
602 silly tarball no local data for @prisma/query-plan-executor@https://registry.npmjs.org/@prisma/query-plan-executor/-/query-plan-executor-7.2.0.tgz. Extracting by manifest.
603 silly tarball no local data for @prisma/get-platform@https://registry.npmjs.org/@prisma/get-platform/-/get-platform-7.2.0.tgz. Extracting by manifest.
604 silly tarball no local data for hono@https://registry.npmjs.org/hono/-/hono-4.12.25.tgz. Extracting by manifest.
605 silly tarball no local data for @hono/node-server@https://registry.npmjs.org/@hono/node-server/-/node-server-1.19.11.tgz. Extracting by manifest.
606 silly tarball no local data for @electric-sql/pglite-tools@https://registry.npmjs.org/@electric-sql/pglite-tools/-/pglite-tools-0.3.1.tgz. Extracting by manifest.
607 silly tarball no local data for @electric-sql/pglite-socket@https://registry.npmjs.org/@electric-sql/pglite-socket/-/pglite-socket-0.1.1.tgz. Extracting by manifest.
608 silly tarball no local data for @electric-sql/pglite@https://registry.npmjs.org/@electric-sql/pglite/-/pglite-0.4.1.tgz. Extracting by manifest.
609 silly tarball no local data for empathic@https://registry.npmjs.org/empathic/-/empathic-2.0.0.tgz. Extracting by manifest.
610 silly tarball no local data for effect@https://registry.npmjs.org/effect/-/effect-3.20.0.tgz. Extracting by manifest.
611 silly tarball no local data for deepmerge-ts@https://registry.npmjs.org/deepmerge-ts/-/deepmerge-ts-7.1.5.tgz. Extracting by manifest.
612 silly tarball no local data for c12@https://registry.npmjs.org/c12/-/c12-3.3.4.tgz. Extracting by manifest.
613 silly tarball no local data for postgres@https://registry.npmjs.org/postgres/-/postgres-3.4.7.tgz. Extracting by manifest.
614 silly tarball no local data for mysql2@https://registry.npmjs.org/mysql2/-/mysql2-3.15.3.tgz. Extracting by manifest.
615 silly tarball no local data for @types/react@https://registry.npmjs.org/@types/react/-/react-19.2.17.tgz. Extracting by manifest.
616 silly tarball no local data for react-dom@https://registry.npmjs.org/react-dom/-/react-dom-19.2.7.tgz. Extracting by manifest.
617 silly tarball no local data for react@https://registry.npmjs.org/react/-/react-19.2.7.tgz. Extracting by manifest.
618 silly tarball no local data for @prisma/studio-core@https://registry.npmjs.org/@prisma/studio-core/-/studio-core-0.27.3.tgz. Extracting by manifest.
619 silly tarball no local data for @prisma/engines@https://registry.npmjs.org/@prisma/engines/-/engines-7.8.0.tgz. Extracting by manifest.
620 silly tarball no local data for @prisma/dev@https://registry.npmjs.org/@prisma/dev/-/dev-0.24.3.tgz. Extracting by manifest.
621 silly tarball no local data for prisma@https://registry.npmjs.org/prisma/-/prisma-7.8.0.tgz. Extracting by manifest.
622 silly tarball no local data for @prisma/config@https://registry.npmjs.org/@prisma/config/-/config-7.8.0.tgz. Extracting by manifest.
623 silly tarball no local data for @prisma/get-platform@https://registry.npmjs.org/@prisma/get-platform/-/get-platform-7.8.0.tgz. Extracting by manifest.
624 silly tarball no local data for signal-exit@https://registry.npmjs.org/signal-exit/-/signal-exit-3.0.7.tgz. Extracting by manifest.
625 silly tarball no local data for @prisma/debug@https://registry.npmjs.org/@prisma/debug/-/debug-7.2.0.tgz. Extracting by manifest.
626 silly tarball no local data for @prisma/get-platform@https://registry.npmjs.org/@prisma/get-platform/-/get-platform-7.8.0.tgz. Extracting by manifest.
627 http fetch POST 200 https://registry.npmjs.org/-/npm/v1/security/advisories/bulk 195ms
628 silly audit report {
628 silly audit report   '@hono/node-server': [
628 silly audit report     {
628 silly audit report       id: 1116281,
628 silly audit report       url: 'https://github.com/advisories/GHSA-92pp-h63x-v22m',
628 silly audit report       title: '@hono/node-server: Middleware bypass via repeated slashes in serveStatic',
628 silly audit report       severity: 'moderate',
628 silly audit report       vulnerable_versions: '<1.19.13',
628 silly audit report       cwe: [Array],
628 silly audit report       cvss: [Object]
628 silly audit report     }
628 silly audit report   ]
628 silly audit report }
629 silly packumentCache corgi:https://registry.npmjs.org/@hono%2fnode-server cache-miss
630 http fetch GET 200 https://registry.npmjs.org/grammex/-/grammex-3.1.12.tgz 292ms (cache miss)
631 http fetch GET 200 https://registry.npmjs.org/generate-function/-/generate-function-2.3.1.tgz 343ms (cache miss)
632 http fetch GET 200 https://registry.npmjs.org/long/-/long-5.3.2.tgz 433ms (cache miss)
633 http fetch GET 200 https://registry.npmjs.org/graphmatch/-/graphmatch-1.1.1.tgz 725ms (cache miss)
634 http fetch GET 200 https://registry.npmjs.org/shebang-regex/-/shebang-regex-3.0.0.tgz 724ms (cache miss)
635 http fetch GET 200 https://registry.npmjs.org/denque/-/denque-2.1.0.tgz 714ms (cache miss)
636 http fetch GET 200 https://registry.npmjs.org/is-property/-/is-property-1.0.2.tgz 824ms (cache miss)
637 http fetch GET 200 https://registry.npmjs.org/shebang-command/-/shebang-command-2.0.0.tgz 816ms (cache miss)
638 http fetch GET 200 https://registry.npmjs.org/destr/-/destr-2.0.5.tgz 860ms (cache miss)
639 http fetch GET 200 https://registry.npmjs.org/path-key/-/path-key-3.1.1.tgz 847ms (cache miss)
640 http fetch GET 200 https://registry.npmjs.org/graceful-fs/-/graceful-fs-4.2.11.tgz 889ms (cache miss)
641 http fetch GET 200 https://registry.npmjs.org/which/-/which-2.0.2.tgz 879ms (cache miss)
642 http fetch GET 200 https://registry.npmjs.org/isexe/-/isexe-2.0.0.tgz 893ms (cache miss)
643 http fetch GET 200 https://registry.npmjs.org/@standard-schema/spec/-/spec-1.1.0.tgz 876ms (cache miss)
644 http fetch GET 200 https://registry.npmjs.org/named-placeholders/-/named-placeholders-1.1.6.tgz 887ms (cache miss)
645 http fetch GET 200 https://registry.npmjs.org/chokidar/-/chokidar-5.0.0.tgz 867ms (cache miss)
646 http fetch GET 200 https://registry.npmjs.org/perfect-debounce/-/perfect-debounce-2.1.0.tgz 886ms (cache miss)
647 http fetch GET 200 https://registry.npmjs.org/@kurkle/color/-/color-0.3.4.tgz 888ms (cache miss)
648 http fetch GET 200 https://registry.npmjs.org/require-from-string/-/require-from-string-2.0.2.tgz 888ms (cache miss)
649 http fetch GET 200 https://registry.npmjs.org/fast-deep-equal/-/fast-deep-equal-3.1.3.tgz 896ms (cache miss)
650 http fetch GET 200 https://registry.npmjs.org/@radix-ui/primitive/-/primitive-1.1.3.tgz 889ms (cache miss)
651 http fetch GET 200 https://registry.npmjs.org/@radix-ui/react-toggle/-/react-toggle-1.1.10.tgz 888ms (cache miss)
652 http fetch GET 200 https://registry.npmjs.org/readdirp/-/readdirp-5.0.0.tgz 915ms (cache miss)
653 http fetch GET 200 https://registry.npmjs.org/rc9/-/rc9-3.0.1.tgz 915ms (cache miss)
654 http fetch GET 200 https://registry.npmjs.org/@radix-ui/react-use-layout-effect/-/react-use-layout-effect-1.1.1.tgz 904ms (cache miss)
655 http fetch GET 200 https://registry.npmjs.org/zeptomatch/-/zeptomatch-2.1.0.tgz 893ms (cache miss)
656 http fetch GET 200 https://registry.npmjs.org/sqlstring/-/sqlstring-2.3.3.tgz 934ms (cache miss)
657 http fetch GET 200 https://registry.npmjs.org/seq-queue/-/seq-queue-0.0.5.tgz 934ms (cache miss)
658 http fetch GET 200 https://registry.npmjs.org/@radix-ui/react-use-effect-event/-/react-use-effect-event-0.0.2.tgz 906ms (cache miss)
659 http fetch GET 200 https://registry.npmjs.org/@radix-ui/react-slot/-/react-slot-1.2.3.tgz 907ms (cache miss)
660 http fetch GET 200 https://registry.npmjs.org/@radix-ui/react-compose-refs/-/react-compose-refs-1.1.2.tgz 905ms (cache miss)
661 http fetch GET 200 https://registry.npmjs.org/env-paths/-/env-paths-3.0.0.tgz 903ms (cache miss)
662 http fetch GET 200 https://registry.npmjs.org/pathe/-/pathe-2.0.3.tgz 895ms (cache miss)
663 http fetch GET 200 https://registry.npmjs.org/empathic/-/empathic-2.0.0.tgz 878ms (cache miss)
664 http fetch GET 200 https://registry.npmjs.org/retry/-/retry-0.12.0.tgz 943ms (cache miss)
665 http fetch GET 200 https://registry.npmjs.org/@prisma/engines-version/-/engines-version-7.8.0-6.3c6e192761c0362d496ed980de936e2f3cebcd3a.tgz 907ms (cache miss)
666 http fetch GET 200 https://registry.npmjs.org/get-port-please/-/get-port-please-3.2.0.tgz 899ms (cache miss)
667 http fetch GET 200 https://registry.npmjs.org/foreground-child/-/foreground-child-3.3.1.tgz 899ms (cache miss)
668 http fetch GET 200 https://registry.npmjs.org/cross-spawn/-/cross-spawn-7.0.6.tgz 936ms (cache miss)
669 http fetch GET 200 https://registry.npmjs.org/scheduler/-/scheduler-0.27.0.tgz 955ms (cache miss)
670 http fetch GET 200 https://registry.npmjs.org/lru.min/-/lru.min-1.1.4.tgz 952ms (cache miss)
671 http fetch GET 200 https://registry.npmjs.org/json-schema-traverse/-/json-schema-traverse-1.0.0.tgz 931ms (cache miss)
672 http fetch GET 200 https://registry.npmjs.org/@radix-ui/react-use-controllable-state/-/react-use-controllable-state-1.2.2.tgz 931ms (cache miss)
673 http fetch GET 200 https://registry.npmjs.org/deepmerge-ts/-/deepmerge-ts-7.1.5.tgz 908ms (cache miss)
674 http fetch GET 200 https://registry.npmjs.org/signal-exit/-/signal-exit-3.0.7.tgz 891ms (cache miss)
675 http fetch GET 200 https://registry.npmjs.org/@prisma/debug/-/debug-7.2.0.tgz 891ms (cache miss)
676 http fetch GET 200 https://registry.npmjs.org/safer-buffer/-/safer-buffer-2.1.2.tgz 978ms (cache miss)
677 http fetch GET 200 https://registry.npmjs.org/defu/-/defu-6.1.7.tgz 956ms (cache miss)
678 http fetch GET 200 https://registry.npmjs.org/aws-ssl-profiles/-/aws-ssl-profiles-1.1.2.tgz 981ms (cache miss)
679 http fetch GET 200 https://registry.npmjs.org/std-env/-/std-env-3.10.0.tgz 951ms (cache miss)
680 http fetch GET 200 https://registry.npmjs.org/@radix-ui/react-primitive/-/react-primitive-2.1.3.tgz 962ms (cache miss)
681 http fetch GET 200 https://registry.npmjs.org/pkg-types/-/pkg-types-2.3.1.tgz 979ms (cache miss)
682 http fetch GET 200 https://registry.npmjs.org/exsolve/-/exsolve-1.0.8.tgz 977ms (cache miss)
683 http fetch GET 200 https://registry.npmjs.org/@prisma/engines/-/engines-7.8.0.tgz 927ms (cache miss)
684 http fetch GET 200 https://registry.npmjs.org/@prisma/config/-/config-7.8.0.tgz 932ms (cache miss)
685 http fetch GET 200 https://registry.npmjs.org/proper-lockfile/-/proper-lockfile-4.1.2.tgz 968ms (cache miss)
686 http fetch GET 200 https://registry.npmjs.org/better-result/-/better-result-2.9.2.tgz 984ms (cache miss)
687 http fetch GET 200 https://registry.npmjs.org/@prisma/debug/-/debug-7.8.0.tgz 983ms (cache miss)
688 http fetch GET 200 https://registry.npmjs.org/@hono%2fnode-server 870ms (cache miss)
689 silly packumentCache corgi:https://registry.npmjs.org/@hono%2fnode-server set size:undefined disposed:false
690 http fetch GET 200 https://registry.npmjs.org/ohash/-/ohash-2.0.11.tgz 1025ms (cache miss)
691 http fetch GET 200 https://registry.npmjs.org/c12/-/c12-3.3.4.tgz 984ms (cache miss)
692 http fetch GET 200 https://registry.npmjs.org/iconv-lite/-/iconv-lite-0.7.2.tgz 1107ms (cache miss)
693 silly packumentCache corgi:https://registry.npmjs.org/@prisma%2fdev cache-miss
694 http fetch GET 200 https://registry.npmjs.org/signal-exit/-/signal-exit-4.1.0.tgz 1107ms (cache miss)
695 http fetch GET 200 https://registry.npmjs.org/dotenv/-/dotenv-17.4.2.tgz 1105ms (cache miss)
696 http fetch GET 200 https://registry.npmjs.org/react/-/react-19.2.7.tgz 1056ms (cache miss)
697 http fetch GET 200 https://registry.npmjs.org/@types/react/-/react-19.2.17.tgz 1060ms (cache miss)
698 http fetch GET 200 https://registry.npmjs.org/giget/-/giget-3.2.0.tgz 1117ms (cache miss)
699 http fetch GET 200 https://registry.npmjs.org/http-status-codes/-/http-status-codes-2.3.0.tgz 1100ms (cache miss)
700 http fetch GET 200 https://registry.npmjs.org/fast-uri/-/fast-uri-3.1.2.tgz 1140ms (cache miss)
701 http fetch GET 200 https://registry.npmjs.org/confbox/-/confbox-0.2.4.tgz 1166ms (cache miss)
702 http fetch GET 200 https://registry.npmjs.org/@electric-sql/pglite-socket/-/pglite-socket-0.1.1.tgz 1144ms (cache miss)
703 http fetch GET 200 https://registry.npmjs.org/postgres/-/postgres-3.4.7.tgz 1140ms (cache miss)
704 http fetch GET 200 https://registry.npmjs.org/@hono/node-server/-/node-server-1.19.11.tgz 1171ms (cache miss)
705 http fetch GET 200 https://registry.npmjs.org/csstype/-/csstype-3.2.3.tgz 1261ms (cache miss)
706 http fetch GET 200 https://registry.npmjs.org/@prisma/streams-local/-/streams-local-0.1.2.tgz 1266ms (cache miss)
707 http fetch GET 200 https://registry.npmjs.org/valibot/-/valibot-1.2.0.tgz 1285ms (cache miss)
708 http fetch GET 200 https://registry.npmjs.org/@prisma/get-platform/-/get-platform-7.8.0.tgz 1190ms (cache miss)
709 http fetch GET 200 https://registry.npmjs.org/pure-rand/-/pure-rand-6.1.0.tgz 1330ms (cache miss)
710 http fetch GET 200 https://registry.npmjs.org/@prisma/get-platform/-/get-platform-7.2.0.tgz 1298ms (cache miss)
711 http fetch GET 200 https://registry.npmjs.org/@prisma/fetch-engine/-/fetch-engine-7.8.0.tgz 1313ms (cache miss)
712 http fetch GET 200 https://registry.npmjs.org/@prisma/get-platform/-/get-platform-7.8.0.tgz 1277ms (cache miss)
713 http fetch GET 200 https://registry.npmjs.org/@electric-sql/pglite-tools/-/pglite-tools-0.3.1.tgz 1369ms (cache miss)
714 http fetch GET 200 https://registry.npmjs.org/jiti/-/jiti-2.7.0.tgz 1404ms (cache miss)
715 http fetch GET 200 https://registry.npmjs.org/@prisma%2fdev 317ms (cache miss)
716 silly packumentCache corgi:https://registry.npmjs.org/@prisma%2fdev set size:undefined disposed:false
717 silly packumentCache corgi:https://registry.npmjs.org/prisma cache-miss
718 http fetch GET 200 https://registry.npmjs.org/prisma 100ms (cache hit)
719 silly packumentCache corgi:https://registry.npmjs.org/prisma set size:22831936 disposed:false
720 http fetch GET 200 https://registry.npmjs.org/mysql2/-/mysql2-3.15.3.tgz 2199ms (cache miss)
721 http fetch GET 200 https://registry.npmjs.org/@prisma/query-plan-executor/-/query-plan-executor-7.2.0.tgz 2574ms (cache miss)
722 http fetch GET 200 https://registry.npmjs.org/react-dom/-/react-dom-19.2.7.tgz 2799ms (cache miss)
723 http fetch GET 200 https://registry.npmjs.org/chart.js/-/chart.js-4.5.1.tgz 2906ms (cache miss)
724 http fetch GET 200 https://registry.npmjs.org/ajv/-/ajv-8.20.0.tgz 2978ms (cache miss)
725 http fetch GET 200 https://registry.npmjs.org/remeda/-/remeda-2.33.4.tgz 3210ms (cache miss)
726 http fetch GET 200 https://registry.npmjs.org/@prisma/dev/-/dev-0.24.3.tgz 3263ms (cache miss)
727 http fetch GET 200 https://registry.npmjs.org/hono/-/hono-4.12.25.tgz 3371ms (cache miss)
728 http fetch GET 200 https://registry.npmjs.org/fast-check/-/fast-check-3.23.2.tgz 3561ms (cache miss)
729 http fetch GET 200 https://registry.npmjs.org/@electric-sql/pglite/-/pglite-0.4.1.tgz 3757ms (cache miss)
730 http fetch GET 200 https://registry.npmjs.org/@prisma/studio-core/-/studio-core-0.27.3.tgz 3970ms (cache miss)
731 http fetch GET 200 https://registry.npmjs.org/prisma/-/prisma-7.8.0.tgz 4024ms (cache miss)
732 http fetch GET 200 https://registry.npmjs.org/effect/-/effect-3.20.0.tgz 4376ms (cache miss)
733 info run prisma@7.8.0 preinstall node_modules/prisma node scripts/preinstall-entry.js
734 info run prisma@7.8.0 preinstall { code: 0, signal: null }
735 info run @prisma/engines@7.8.0 postinstall node_modules/@prisma/engines node scripts/postinstall.js
736 info run @prisma/engines@7.8.0 postinstall { code: 0, signal: null }
737 verbose cwd /home/user
738 verbose os Linux 6.1.158+
739 verbose node v20.20.2
740 verbose npm  v10.8.2
741 notice
741 notice New major version of npm available! 10.8.2 -> 11.16.0
741 notice Changelog: https://github.com/npm/cli/releases/tag/v11.16.0
741 notice To update run: npm install -g npm@11.16.0
741 notice  { force: true, [Symbol(proc-log.meta)]: true }
742 verbose exit 1
743 verbose code 1
